/usr/lib/python3.12/copyreg.py:99: FutureWarning: `isinstance(treespec, LeafSpec)` is deprecated, use `isinstance(treespec, TreeSpec) and treespec.is_leaf()` instead.
  return cls.__new__(cls, *args)
/usr/lib/python3.12/copyreg.py:99: FutureWarning: `isinstance(treespec, LeafSpec)` is deprecated, use `isinstance(treespec, TreeSpec) and treespec.is_leaf()` instead.
  return cls.__new__(cls, *args)
/usr/lib/python3.12/copyreg.py:99: FutureWarning: `isinstance(treespec, LeafSpec)` is deprecated, use `isinstance(treespec, TreeSpec) and treespec.is_leaf()` instead.
  return cls.__new__(cls, *args)
Warning: Option --verbose-operators is deprecated and will be removed in a future release.
Configuration files:
   original = ['/home/mokuroo/documents/python/cat_dog_torch/.venv-executorch/lib/python3.12/site-packages/ethosu/config_files/Arm/vela.ini']
   used = ['/home/mokuroo/documents/python/cat_dog_torch/.venv-executorch/lib/python3.12/site-packages/ethosu/config_files/Arm/vela.ini']
System Configuration (Ethos_U85_SYS_DRAM_Mid):
   core_clock = 1000000000.0
   axi0_port = Sram
   axi1_port = Dram
   Sram_clock_scales = 1.0
   Sram_ports_used = 2
   Sram_burst_length = 64
   Sram_read_latency = 32
   Sram_write_latency = 32
   Dram_clock_scales = 0.75
   Dram_ports_used = 1
   Dram_burst_length = 128
   Dram_read_latency = 500
   Dram_write_latency = 250
   OnChipFlash_clock_scales = 1.0
   OnChipFlash_ports_used = 1
   OnChipFlash_burst_length = 1
   OnChipFlash_read_latency = 0
   OnChipFlash_write_latency = 0
   OffChipFlash_clock_scales = 1.0
   OffChipFlash_ports_used = 1
   OffChipFlash_burst_length = 1
   OffChipFlash_read_latency = 0
   OffChipFlash_write_latency = 0
Memory Mode (Shared_Sram):
   const_mem_area = Axi1
   arena_mem_area = Axi0
   cache_mem_area = Axi0
   arena_cache_size = 4194304 from CLI option
Architecture Settings:
   permanent_storage_mem_area = Dram
   feature_map_storage_mem_area = Sram
   fast_storage_mem_area = Sram

################################################################################
Performance for NPU Grap /home/mokuroo/documents/python/pt2pte_toolchain/output/yolo_intermediates/intermediate/output/out
Original Operator    NNG Operator         Target Staging Usage  Peak% (Staging)  Op Cycles Network% (cycles)        NPU    SRAM AC    DRAM AC OnFlash AC OffFlash AC  MAC Count Network% (MAC)  Util% (MAC) Name                 
-------------------- -------------------- ------ ------------- ---------------- ---------- ----------------- ---------- ---------- ---------- ---------- ----------- ---------- -------------- ------------ -------------------- 
Conv2D               Conv2D               NPU           352064            57.51      76747              1.35      76747      36471      51953          0           0    5419008           0.92        27.58 tosa_table_default   
Table                LUT                  NPU                0             0.00          0              0.00          0          0          0          0           0          0           0.00       100.00 tosa_table_default   
Conv2D               Conv2D               NPU           306304            50.03      76100              1.34      76100      19012      38281          0           0   14450688           2.46        74.18 tosa_table_default_1 
Table                LUT                  NPU                0             0.00          0              0.00          0          0          0          0           0          0           0.00       100.00 tosa_table_default_1 
Conv2D               Conv2D               NPU           202528            33.08      51040              0.90      51040      19600      38281          0           0    3211264           0.55        24.58 tosa_table_default_2 
Table                LUT                  NPU                0             0.00          0              0.00          0          0          0          0           0          0           0.00       100.00 tosa_table_default_2 
Conv2D               Conv2D               NPU           153056            25.00      38381              0.67      38381       6440      10937          0           0    7225344           1.23        73.54 tosa_table_default_3 
Table                LUT                  NPU                0             0.00          0              0.00          0          0          0          0           0          0           0.00       100.00 tosa_table_default_3 
Conv2D               Conv2D               NPU           303616            49.59      38884              0.68      38884       6468      10937          0           0    7225344           1.23        72.59 tosa_table_default_4 
Table                LUT                  NPU                0             0.00          0              0.00          0          0          0          0           0          0           0.00       100.00 tosa_table_default_4 
Add                  Add                  NPU                0             0.00          0              0.00          0          0          0          0           0          0           0.00       100.00 tosa_concat_default  
Concat               MemoryCopy           NPU           250880            40.98      25612              0.45      25612       4144          0          0           0      50176           0.01         0.77 tosa_concat_default  
Concat               MemoryCopy           NPU           250880            40.98      25612              0.45      25612       4144          0          0           0      50176           0.01         0.77 tosa_concat_default  
Conv2D               Conv2D               NPU           252960            41.32      38281              0.67      25696      10535      38281          0           0    4816896           0.82        49.15 tosa_table_default_5 
Table                LUT                  NPU                0             0.00          0              0.00          0          0          0          0           0          0           0.00       100.00 tosa_table_default_5 
Conv2D               Conv2D               NPU           170112            27.79      76474              1.34      76474      18928      21874          0           0   14450688           2.46        73.81 tosa_table_default_6 
Table                LUT                  NPU                0             0.00          0              0.00          0          0          0          0           0          0           0.00       100.00 tosa_table_default_6 
Conv2D               Conv2D               NPU           105024            17.16      21874              0.38      13392      11172      21874          0           0    3211264           0.55        57.35 tosa_table_default_7 
Table                LUT                  NPU                0             0.00          0              0.00          0          0          0          0           0          0           0.00       100.00 tosa_table_default_7 
Conv2D               Conv2D               NPU            85136            13.91      38942              0.68      38942      14700       5468          0           0    7225344           1.23        72.48 tosa_table_default_8 
Table                LUT                  NPU                0             0.00          0              0.00          0          0          0          0           0          0           0.00       100.00 tosa_table_default_8 
Conv2D               Conv2D               NPU           110496            18.05      38739              0.68      38739       7637       5468          0           0    7225344           1.23        72.86 tosa_table_default_9 
Table                LUT                  NPU                0             0.00          0              0.00          0          0          0          0           0          0           0.00       100.00 tosa_table_default_9 
Add                  Add                  NPU                0             0.00          0              0.00          0          0          0          0           0          0           0.00       100.00 tosa_rescale_default_21 
Conv2D               Conv2D               NPU           110496            18.05      38627              0.68      38627       5285       5468          0           0    7225344           1.23        73.07 tosa_table_default_10 
Table                LUT                  NPU                0             0.00          0              0.00          0          0          0          0           0          0           0.00       100.00 tosa_table_default_10 
Conv2D               Conv2D               NPU           210672            34.41      38739              0.68      38739       5246       5468          0           0    7225344           1.23        72.86 tosa_table_default_11 
Table                LUT                  NPU                0             0.00          0              0.00          0          0          0          0           0          0           0.00       100.00 tosa_table_default_11 
Add                  Add                  NPU                0             0.00          0              0.00          0          0          0          0           0          0           0.00       100.00 tosa_concat_default_1 
Concat               MemoryCopy           NPU           175616            28.69      13148              0.23      13148       1864          0          0           0      25088           0.00         0.75 tosa_concat_default_1 
Concat               MemoryCopy           NPU           150528            24.59      13310              0.23      13310       6750          0          0           0      25088           0.00         0.74 tosa_concat_default_1 
Concat               MemoryCopy           NPU           150528            24.59      13310              0.23      13310       6750          0          0           0      25088           0.00         0.74 tosa_concat_default_1 
Conv2D               Conv2D               NPU           158864            25.95      25768              0.45      25768      11207      21874          0           0    6422528           1.09        97.36 tosa_table_default_12 
Table                LUT                  NPU                0             0.00          0              0.00          0          0          0          0           0          0           0.00       100.00 tosa_table_default_12 
Conv2D               Conv2D               NPU           151376            24.73      77242              1.36      77242      20760      12499          0           0   14450688           2.46        73.08 tosa_table_default_13 
Table                LUT                  NPU                0             0.00          0              0.00          0          0          0          0           0          0           0.00       100.00 tosa_table_default_13 
Conv2D               Conv2D               NPU           117152            19.14      21874              0.38      13336       8099      21874          0           0    3211264           0.55        57.35 tosa_table_default_14 
Table                LUT                  NPU                0             0.00          0              0.00          0          0          0          0           0          0           0.00       100.00 tosa_table_default_14 
Conv2D               Conv2D               NPU           126544            20.67      39544              0.69      39544      14000       7043          0           0    7225344           1.23        71.37 tosa_table_default_15 
Table                LUT                  NPU                0             0.00          0              0.00          0          0          0          0           0          0           0.00       100.00 tosa_table_default_15 
Conv2D               Conv2D               NPU           139360            22.76      39393              0.69      39393       6206       3124          0           0    7225344           1.23        71.65 tosa_table_default_16 
Table                LUT                  NPU                0             0.00          0              0.00          0          0          0          0           0          0           0.00       100.00 tosa_table_default_16 
Add                  Add                  NPU                0             0.00          0              0.00          0          0          0          0           0          0           0.00       100.00 tosa_rescale_default_34 
Conv2D               Conv2D               NPU           139408            22.77      39281              0.69      39281       5033       3124          0           0    7225344           1.23        71.85 tosa_table_default_17 
Table                LUT                  NPU                0             0.00          0              0.00          0          0          0          0           0          0           0.00       100.00 tosa_table_default_17 
Conv2D               Conv2D               NPU           189216            30.91      39393              0.69      39393       5010       3124          0           0    7225344           1.23        71.65 tosa_table_default_18 
Table                LUT                  NPU                0             0.00          0              0.00          0          0          0          0           0          0           0.00       100.00 tosa_table_default_18 
Add                  Add                  NPU                0             0.00          0              0.00          0          0          0          0           0          0           0.00       100.00 tosa_concat_default_2 
Concat               MemoryCopy           NPU           137984            22.54       6876              0.12       6876       1040          0          0           0      12544           0.00         0.71 tosa_concat_default_2 
Concat               MemoryCopy           NPU           125440            20.49       6930              0.12       6930       2025          0          0           0      12544           0.00         0.71 tosa_concat_default_2 
Concat               MemoryCopy           NPU           125440            20.49       6930              0.12       6930       2025          0          0           0      12544           0.00         0.71 tosa_concat_default_2 
Conv2D               Conv2D               NPU           156752            25.61      25824              0.45      25824      10939      21874          0           0    6422528           1.09        97.15 tosa_table_default_19 
Table                LUT                  NPU                0             0.00          0              0.00          0          0          0          0           0          0           0.00       100.00 tosa_table_default_19 
Conv2D               Conv2D               NPU            87808            14.34      89624              1.57      89083       9800      89624          0           0   14450688           2.46        62.98 tosa_table_default_20 
Table                LUT                  NPU                0             0.00          0              0.00          0          0          0          0           0          0           0.00       100.00 tosa_table_default_20 
Conv2D               Conv2D               NPU           100352            16.39      18413              0.32      15322       4900      18413          0           0    3211264           0.55        68.13 tosa_table_default_21 
Table                LUT                  NPU                0             0.00          0              0.00          0          0          0          0           0          0           0.00       100.00 tosa_table_default_21 
Conv2D               Conv2D               NPU            94080            15.37      46075              0.81      46075       4900      45893          0           0    7225344           1.23        61.26 tosa_table_default_22 
Table                LUT                  NPU                0             0.00          0              0.00          0          0          0          0           0          0           0.00       100.00 tosa_table_default_22 
Conv2D               Conv2D               NPU           112896            18.44      46035              0.81      46035       1568      44794          0           0    7225344           1.23        61.31 tosa_table_default_23 
Table                LUT                  NPU                0             0.00          0              0.00          0          0          0          0           0          0           0.00       100.00 tosa_table_default_23 
Add                  Add                  NPU                0             0.00          0              0.00          0          0          0          0           0          0           0.00       100.00 tosa_concat_default_3 
Concat               MemoryCopy           NPU           106624            17.42       4288              0.08       4288        452          0          0           0       6272           0.00         0.57 tosa_concat_default_3 
Concat               MemoryCopy           NPU           106624            17.42       4288              0.08       4288        452          0          0           0       6272           0.00         0.57 tosa_concat_default_3 
Conv2D               Conv2D               NPU           106624            17.42      26987              0.47      22555       7350      26987          0           0    4816896           0.82        69.72 tosa_table_default_24 
Table                LUT                  NPU                0             0.00          0              0.00          0          0          0          0           0          0           0.00       100.00 tosa_table_default_24 
Conv2D               Conv2D               NPU            94080            15.37       9184              0.16       8004       2450       9184          0           0    1605632           0.27        68.29 tosa_rescale_default_49 
MaxPool              MaxPool              NPU            87808            14.34      25656              0.45      25656        392          0          0           0     156800           0.03         2.39 tosa_max_pool2d_default 
MaxPool              MaxPool              NPU            94080            15.37      25656              0.45      25656        392          0          0           0     156800           0.03         2.39 tosa_max_pool2d_default_1 
MaxPool              MaxPool              NPU           119168            19.47      25656              0.45      25656        392          0          0           0     156800           0.03         2.39 tosa_concat_default_4 
Concat               MemoryCopy           NPU           119168            19.47       4288              0.08       4288        452          0          0           0       6272           0.00         0.57 tosa_concat_default_4 
Concat               MemoryCopy           NPU           112896            18.44       4288              0.08       4288        452          0          0           0       6272           0.00         0.57 tosa_concat_default_4 
Concat               MemoryCopy           NPU           106624            17.42       4288              0.08       4288        452          0          0           0       6272           0.00         0.57 tosa_concat_default_4 
Conv2D               Conv2D               NPU           112896            18.44      35825              0.63      29947       9800      35825          0           0    6422528           1.09        70.03 tosa_table_default_25 
Table                LUT                  NPU                0             0.00          0              0.00          0          0          0          0           0          0           0.00       100.00 tosa_table_default_25 
Resize               Resize               NPU           163072            26.64       2450              0.04          0       2450          0          0           0          0           0.00         0.00 tosa_concat_default_5 
Concat               MemoryCopy           NPU           163072            26.64      13148              0.23      13148       2080          0          0           0      25088           0.00         0.75 tosa_concat_default_5 
Conv2D               Conv2D               NPU           208320            34.03      38802              0.68      38802      17782      21874          0           0    9633792           1.64        96.98 tosa_table_default_26 
Table                LUT                  NPU                0             0.00          0              0.00          0          0          0          0           0          0           0.00       100.00 tosa_table_default_26 
Conv2D               Conv2D               NPU           138256            22.58      39544              0.69      39544      14000       6862          0           0    7225344           1.23        71.37 tosa_table_default_27 
Table                LUT                  NPU                0             0.00          0              0.00          0          0          0          0           0          0           0.00       100.00 tosa_table_default_27 
Conv2D               Conv2D               NPU           176080            28.76      39281              0.69      39281       5757       3124          0           0    7225344           1.23        71.85 tosa_concat_default_6 
Table                LUT                  NPU                0             0.00          0              0.00          0          0          0          0           0          0           0.00       100.00 tosa_concat_default_6 
Concat               MemoryCopy           NPU           125440            20.49       6930              0.12       6930       2025          0          0           0      12544           0.00         0.71 tosa_concat_default_6 
Concat               MemoryCopy           NPU           125440            20.49       6930              0.12       6930       2025          0          0           0      12544           0.00         0.71 tosa_concat_default_6 
Conv2D               Conv2D               NPU           149440            24.41      21874              0.38      19440       8348      21874          0           0    4816896           0.82        86.02 tosa_table_default_29 
Table                LUT                  NPU                0             0.00          0              0.00          0          0          0          0           0          0           0.00       100.00 tosa_table_default_29 
Resize               Resize               NPU           238336            38.93       4900              0.09          0       4900          0          0           0          0           0.00         0.00 tosa_concat_default_7 
Concat               MemoryCopy           NPU           238336            38.93      25692              0.45      25692       3728          0          0           0      50176           0.01         0.76 tosa_concat_default_7 
Conv2D               Conv2D               NPU           250320            40.89      38508              0.68      38508      20643      21874          0           0    9633792           1.64        97.73 tosa_table_default_30 
Table                LUT                  NPU                0             0.00          0              0.00          0          0          0          0           0          0           0.00       100.00 tosa_table_default_30 
Conv2D               Conv2D               NPU           122720            20.05      38942              0.68      38942      14700       5468          0           0    7225344           1.23        72.48 tosa_table_default_31 
Table                LUT                  NPU                0             0.00          0              0.00          0          0          0          0           0          0           0.00       100.00 tosa_table_default_31 
Conv2D               Conv2D               NPU           197872            32.32      38627              0.68      38627       6758       5468          0           0    7225344           1.23        73.07 tosa_concat_default_8 
Table                LUT                  NPU                0             0.00          0              0.00          0          0          0          0           0          0           0.00       100.00 tosa_concat_default_8 
Concat               MemoryCopy           NPU           163072            26.64      13310              0.23      13310       6750          0          0           0      25088           0.00         0.74 tosa_concat_default_8 
Concat               MemoryCopy           NPU           163072            26.64      13310              0.23      13310       6750          0          0           0      25088           0.00         0.74 tosa_concat_default_8 
Conv2D               Conv2D               NPU           170416            27.84      25768              0.45      25768       9205      21874          0           0    4816896           0.82        73.02 tosa_table_default_33 
Table                LUT                  NPU                0             0.00          0              0.00          0          0          0          0           0          0           0.00       100.00 tosa_table_default_33 
Conv2D               Conv2D               NPU           163008            26.63      39610              0.70      39610      10976       6249          0           0    7225344           1.23        71.25 tosa_concat_default_9 
Table                LUT                  NPU                0             0.00          0              0.00          0          0          0          0           0          0           0.00       100.00 tosa_concat_default_9 
Concat               MemoryCopy           NPU           125440            20.49      13148              0.23      13148       2080          0          0           0      25088           0.00         0.75 tosa_concat_default_9 
Conv2D               Conv2D               NPU           149152            24.36      21874              0.38      19650      10395      21874          0           0    4816896           0.82        86.02 tosa_table_default_35 
Table                LUT                  NPU                0             0.00          0              0.00          0          0          0          0           0          0           0.00       100.00 tosa_table_default_35 
Conv2D               Conv2D               NPU           137408            22.45      39544              0.69      39544      14000       3124          0           0    7225344           1.23        71.37 tosa_table_default_36 
Table                LUT                  NPU                0             0.00          0              0.00          0          0          0          0           0          0           0.00       100.00 tosa_table_default_36 
Conv2D               Conv2D               NPU           176592            28.85      39281              0.69      39281       5789       3124          0           0    7225344           1.23        71.85 tosa_concat_default_10 
Table                LUT                  NPU                0             0.00          0              0.00          0          0          0          0           0          0           0.00       100.00 tosa_concat_default_10 
Concat               MemoryCopy           NPU           125440            20.49       6930              0.12       6930       2025          0          0           0      12544           0.00         0.71 tosa_concat_default_10 
Concat               MemoryCopy           NPU           125440            20.49       6930              0.12       6930       2025          0          0           0      12544           0.00         0.71 tosa_concat_default_10 
Conv2D               Conv2D               NPU           148832            24.31      21874              0.38      19440       8207      21874          0           0    4816896           0.82        86.02 tosa_table_default_38 
Table                LUT                  NPU                0             0.00          0              0.00          0          0          0          0           0          0           0.00       100.00 tosa_table_default_38 
Conv2D               Conv2D               NPU           106624            17.42      46075              0.81      46075       4900      45507          0           0    7225344           1.23        61.26 tosa_concat_default_11 
Table                LUT                  NPU                0             0.00          0              0.00          0          0          0          0           0          0           0.00       100.00 tosa_concat_default_11 
Concat               MemoryCopy           NPU           106624            17.42       7872              0.14       7872        904          0          0           0      12544           0.00         0.62 tosa_concat_default_11 
Conv2D               Conv2D               NPU           106624            17.42      27514              0.48      22714       7350      27514          0           0    4816896           0.82        68.39 tosa_table_default_40 
Table                LUT                  NPU                0             0.00          0              0.00          0          0          0          0           0          0           0.00       100.00 tosa_table_default_40 
Conv2D               Conv2D               NPU            94080            15.37      46075              0.81      46075       4900      45190          0           0    7225344           1.23        61.26 tosa_table_default_41 
Table                LUT                  NPU                0             0.00          0              0.00          0          0          0          0           0          0           0.00       100.00 tosa_table_default_41 
Conv2D               Conv2D               NPU           112896            18.44      45995              0.81      45995       1372      44350          0           0    7225344           1.23        61.36 tosa_concat_default_12 
Table                LUT                  NPU                0             0.00          0              0.00          0          0          0          0           0          0           0.00       100.00 tosa_concat_default_12 
Concat               MemoryCopy           NPU           106624            17.42       4288              0.08       4288        452          0          0           0       6272           0.00         0.57 tosa_concat_default_12 
Concat               MemoryCopy           NPU           106624            17.42       4288              0.08       4288        452          0          0           0       6272           0.00         0.57 tosa_concat_default_12 
Conv2D               Conv2D               NPU           106624            17.42      26333              0.46      22555       7350      26333          0           0    4816896           0.82        71.45 tosa_table_default_43 
Table                LUT                  NPU                0             0.00          0              0.00          0          0          0          0           0          0           0.00       100.00 tosa_table_default_43 
Conv2D               Conv2D               NPU            90944            14.86      48683              0.85      48683       1225      44121          0           0    7112448           1.21        57.07 tosa_table_default_60 
Table                LUT                  NPU                0             0.00          0              0.00          0          0          0          0           0          0           0.00       100.00 tosa_table_default_60 
Conv2D               Conv2D               NPU            94080            15.37      12395              0.22      12395        306      11235          0           0    1750329           0.30        55.16 tosa_table_default_61 
Table                LUT                  NPU                0             0.00          0              0.00          0          0          0          0           0          0           0.00       100.00 tosa_table_default_61 
Conv2D               Conv2D               NPU            98624            16.11      14062              0.25       1170       2379      14062          0           0     194481           0.03         5.40 tosa_transpose_default_5 
Transpose            Transpose            NPU                0             0.00          0              0.00          0          0          0          0           0          0           0.00       100.00 tosa_transpose_default_5 
Concat               MemoryCopy           NPU           155728            25.44       2952              0.05       2952        753          0          0           0       3087           0.00         0.41 tosa_concat_default_15 
Conv2D               Conv2D               NPU           165184            26.98      78257              1.37      78257       7000      45888          0           0   14224896           2.42        71.00 tosa_table_default_58 
Table                LUT                  NPU                0             0.00          0              0.00          0          0          0          0           0          0           0.00       100.00 tosa_table_default_58 
Conv2D               Conv2D               NPU           214192            34.99      39281              0.69      39281       4871       3124          0           0    7001316           1.19        69.62 tosa_table_default_59 
Table                LUT                  NPU                0             0.00          0              0.00          0          0          0          0           0          0           0.00       100.00 tosa_table_default_59 
Conv2D               Conv2D               NPU           181920            29.72      12499              0.22       4008       4271      12499          0           0     777924           0.13        24.31 tosa_transpose_default_4 
Transpose            Transpose            NPU                0             0.00          0              0.00          0          0          0          0           0          0           0.00       100.00 tosa_transpose_default_4 
Concat               MemoryCopy           NPU           164992            26.95       7140              0.13       7140       2646          0          0           0      12348           0.00         0.68 tosa_concat_default_15 
Conv2D               Conv2D               NPU           240240            39.24     152195              2.67     152195      19873      10937          0           0   28449792           4.85        73.02 tosa_table_default_56 
Table                LUT                  NPU                0             0.00          0              0.00          0          0          0          0           0          0           0.00       100.00 tosa_table_default_56 
Conv2D               Conv2D               NPU           289680            47.32     152195              2.67     152195      18861      10937          0           0   28005264           4.77        71.88 tosa_table_default_57 
Table                LUT                  NPU                0             0.00          0              0.00          0          0          0          0           0          0           0.00       100.00 tosa_table_default_57 
Conv2D               Conv2D               NPU           256672            41.93      49999              0.88      13110      13582      49999          0           0    3111696           0.53        24.31 tosa_transpose_default_3 
Transpose            Transpose            NPU                0             0.00          0              0.00          0          0          0          0           0          0           0.00       100.00 tosa_transpose_default_3 
Concat               MemoryCopy           NPU           202032            33.00      25572              0.45      25572      10584          0          0           0      49392           0.01         0.75 tosa_concat_default_15 
Table                LUT                  NPU           174256            28.46      22786              0.40      22786       4220          0          0           0      21609           0.00         0.37 tosa_reshape_default_16 
Mul                  Mul                  NPU           217488            35.53      32760              0.58      32760       2110       1159          0           0          0           0.00         0.00 tosa_rescale_default_118 
Add                  Add                  NPU                0             0.00          0              0.00          0          0          0          0           0          0           0.00       100.00 tosa_rescale_default_120 
Mul                  Mul                  NPU                0             0.00          0              0.00          0          0          0          0           0          0           0.00       100.00 tosa_reshape_default_15 
Conv2D               Conv2D               NPU           155792            25.45      48683              0.85      48683       1225      38017          0           0    7225344           1.23        57.98 tosa_table_default_54 
Table                LUT                  NPU                0             0.00          0              0.00          0          0          0          0           0          0           0.00       100.00 tosa_table_default_54 
Conv2D               Conv2D               NPU           158928            25.96      12395              0.22      12395        306      11264          0           0    1806336           0.31        56.93 tosa_table_default_55 
Table                LUT                  NPU                0             0.00          0              0.00          0          0          0          0           0          0           0.00       100.00 tosa_table_default_55 
Conv2D               Conv2D               NPU           155856            25.46        390              0.01        312        153        390          0           0       3136           0.00         3.14 tosa_rescale_default_86 
Concat               MemoryCopy           NPU           153760            25.12        154              0.00        154          9          0          0           0         49           0.00         0.12 tosa_concat_default_14 
Conv2D               Conv2D               NPU           166240            27.15      78257              1.37      78257       7000      44931          0           0   14450688           2.46        72.13 tosa_table_default_52 
Table                LUT                  NPU                0             0.00          0              0.00          0          0          0          0           0          0           0.00       100.00 tosa_table_default_52 
Conv2D               Conv2D               NPU           217408            35.51      39281              0.69      39281       5006       3124          0           0    7225344           1.23        71.85 tosa_table_default_53 
Table                LUT                  NPU                0             0.00          0              0.00          0          0          0          0           0          0           0.00       100.00 tosa_table_default_53 
Conv2D               Conv2D               NPU           166736            27.24        809              0.01        809        700        781          0           0      12544           0.00         6.06 tosa_rescale_default_83 
Concat               MemoryCopy           NPU           153904            25.14        366              0.01        366         38          0          0           0        196           0.00         0.21 tosa_concat_default_14 
Conv2D               Conv2D               NPU           203872            33.30     152195              2.67     152195      14700      80048          0           0   28901376           4.92        74.18 tosa_table_default_50 
Table                LUT                  NPU                0             0.00          0              0.00          0          0          0          0           0          0           0.00       100.00 tosa_table_default_50 
Conv2D               Conv2D               NPU           291520            47.62     152195              2.67     152195      19033      10937          0           0   28901376           4.92        74.18 tosa_table_default_51 
Table                LUT                  NPU                0             0.00          0              0.00          0          0          0          0           0          0           0.00       100.00 tosa_table_default_51 
Conv2D               Conv2D               NPU           204944            33.48       2734              0.05       1985       2450       2734          0           0      50176           0.01         7.17 tosa_rescale_default_80 
Concat               MemoryCopy           NPU           154480            25.23       1215              0.02       1215        153          0          0           0        784           0.00         0.25 tosa_concat_default_14 
Table                LUT                  NPU           153696            25.11       1230              0.02       1230        200          0          0           0       1029           0.00         0.33 tosa_table_default_64 
Conv2D               Conv2D               NPU           156832            25.62      48683              0.85      48683       1225      34545          0           0    7225344           1.23        57.98 tosa_table_default_48 
Table                LUT                  NPU                0             0.00          0              0.00          0          0          0          0           0          0           0.00       100.00 tosa_table_default_48 
Conv2D               Conv2D               NPU           147424            24.08      12395              0.22      12395        306       9301          0           0    1806336           0.31        56.93 tosa_table_default_49 
Table                LUT                  NPU                0             0.00          0              0.00          0          0          0          0           0          0           0.00       100.00 tosa_table_default_49 
Conv2D               Conv2D               NPU           151936            24.82      15624              0.27       1314       2582      15624          0           0     200704           0.03         5.02 tosa_transpose_default_2 
Transpose            Transpose            NPU                0             0.00          0              0.00          0          0          0          0           0          0           0.00       100.00 tosa_transpose_default_2 
Concat               MemoryCopy           NPU           210144            34.33       2812              0.05       2812        698          0          0           0       3136           0.00         0.44 tosa_concat_default_13 
Conv2D               Conv2D               NPU           219552            35.86      78257              1.37      78257       7000      39384          0           0   14450688           2.46        72.13 tosa_table_default_46 
Table                LUT                  NPU                0             0.00          0              0.00          0          0          0          0           0          0           0.00       100.00 tosa_table_default_46 
Conv2D               Conv2D               NPU           240064            39.21      39281              0.69      39281       4658       3124          0           0    7225344           1.23        71.85 tosa_table_default_47 
Table                LUT                  NPU                0             0.00          0              0.00          0          0          0          0           0          0           0.00       100.00 tosa_table_default_47 
Conv2D               Conv2D               NPU           211728            34.59      12499              0.22       4460       4380      12499          0           0     802816           0.14        25.09 tosa_transpose_default_1 
Transpose            Transpose            NPU                0             0.00          0              0.00          0          0          0          0           0          0           0.00       100.00 tosa_transpose_default_1 
Concat               MemoryCopy           NPU           194464            31.77       7038              0.12       7038       2450          0          0           0      12544           0.00         0.70 tosa_concat_default_13 
Conv2D               Conv2D               NPU           269728            44.06     152195              2.67     152195      19919      10937          0           0   28901376           4.92        74.18 tosa_table_default_44 
Table                LUT                  NPU                0             0.00          0              0.00          0          0          0          0           0          0           0.00       100.00 tosa_table_default_44 
Conv2D               Conv2D               NPU           269152            43.97     152195              2.67     152195      18942      10937          0           0   28901376           4.92        74.18 tosa_table_default_45 
Table                LUT                  NPU                0             0.00          0              0.00          0          0          0          0           0          0           0.00       100.00 tosa_table_default_45 
Conv2D               Conv2D               NPU           236640            38.65      49999              0.88      15100      13760      49999          0           0    3211264           0.55        25.09 tosa_transpose_default 
Transpose            Transpose            NPU                0             0.00          0              0.00          0          0          0          0           0          0           0.00       100.00 tosa_transpose_default 
Concat               MemoryCopy           NPU           181920            29.72      25984              0.46      25984       9800          0          0           0      50176           0.01         0.75 tosa_concat_default_13 
Transpose            Transpose            NPU           198304            32.39      34560              0.61      34560       6431          0          0           0      65856           0.01         0.74 tosa_transpose_default_6 
ReduceMax            ReduceMax            NPU           136608            22.31       9304              0.16       9304       3250          0          0           0      65856           0.01         2.76 aten_amax_default    
Sub                  Sub                  NPU           203168            33.19      16640              0.29      16640       4290          0          0           0          0           0.00         0.00 tosa_table_default_62 
Table                LUT                  NPU                0             0.00          0              0.00          0          0          0          0           0          0           0.00       100.00 tosa_table_default_62 
Rescale              Rescale              NPU           395872            64.66      35136              0.62      35136       6500          0          0           0      65856           0.01         0.73 tosa_rescale_default_99 
ReduceSum            Transpose            NPU           592736            96.82     829631             14.57     132264     829631          0          0           0      65856           0.01         0.03 tosa_rescale_default_99_transpose 
ReduceSum            ReduceSum            NPU           596864            97.50       8502              0.15       8502       3250          0          0           0      65856           0.01         3.03 tosa_table_default_63 
Table                LUT                  NPU                0             0.00          0              0.00          0          0          0          0           0          0           0.00       100.00 tosa_table_default_63 
Rescale              Rescale              NPU           350080            57.18       2560              0.04       2560        258          0          0           0       4116           0.00         0.63 tosa_rescale_default_101 
Mul                  Mul                  NPU           612192           100.00      33280              0.58      33280       4266          0          0           0          0           0.00         0.00 tosa_mul_default     
Rescale              Rescale              NPU           397984            65.01     836875             14.70     132310     836875          0          0           0      65856           0.01         0.03 tosa_transpose_default_7 
Transpose            Transpose            NPU                0             0.00          0              0.00          0          0          0          0           0          0           0.00       100.00 tosa_transpose_default_7 
Conv2D               Conv2D               NPU           136144            22.24      12890              0.23       8468       3300      12890          0           0      65856           0.01         2.00 tosa_rescale_default_103 
Add                  Add                  NPU            72096            11.78        772              0.01        520        203        772          0           0          0           0.00         0.00 tosa_rescale_default_108 
Rescale              Rescale              NPU            80416            13.14       1328              0.02       1328        203          0          0           0       2058           0.00         0.61 tosa_rescale_default_109 
Sub                  Sub                  NPU            80416            13.14        772              0.01        520        203        772          0           0          0           0.00         0.00 tosa_rescale_default_106 
Rescale              Rescale              NPU            84608            13.82       1328              0.02       1328        203          0          0           0       2058           0.00         0.61 tosa_rescale_default_107 
Add                  Add                  NPU            86688            14.16       1560              0.03       1560        203          0          0           0          0           0.00         0.00 tosa_rescale_default_110 
Mul                  Mul                  NPU                0             0.00          0              0.00          0          0          0          0           0          0           0.00       100.00 tosa_concat_default_16 
Sub                  Sub                  NPU            86688            14.16       1040              0.02       1040        260          0          0           0          0           0.00         0.00 tosa_concat_default_16 
Mul                  Mul                  NPU            74176            12.12       1029              0.02       1029        803        390          0           0          0           0.00         0.00 tosa_rescale_default_116 

Network summary for out
Accelerator configuration               Ethos_U85_256
System configuration             Ethos_U85_SYS_DRAM_Mid
Memory mode                               Shared_Sram
Accelerator clock                                1000 MHz
Design peak SRAM bandwidth                      29.80 GB/s
Design peak DRAM bandwidth                      11.18 GB/s

Total SRAM used                                597.84 KiB
Total DRAM used                               3249.64 KiB

CPU operators = 0 (0.0%)
NPU operators = 211 (100.0%)
   NPU: Conv2D = tosa_table_default (outputs [1, 112, 112, 16])
   NPU: LUT = tosa_table_default (outputs [1, 112, 112, 16])
   NPU: Conv2D = tosa_table_default_1 (outputs [1, 56, 56, 32])
   NPU: LUT = tosa_table_default_1 (outputs [1, 56, 56, 32])
   NPU: Conv2D = tosa_table_default_2 (outputs [1, 56, 56, 32])
   NPU: LUT = tosa_table_default_2 (outputs [1, 56, 56, 32])
   NPU: Conv2D = tosa_table_default_3 (outputs [1, 56, 56, 16])
   NPU: LUT = tosa_table_default_3 (outputs [1, 56, 56, 16])
   NPU: Conv2D = tosa_table_default_4 (outputs [1, 56, 56, 16])
   NPU: LUT = tosa_table_default_4 (outputs [1, 56, 56, 16])
   NPU: Add = tosa_concat_default (outputs [1, 56, 56, 16])
   NPU: MemoryCopy = tosa_concat_default (outputs [1, 56, 56, 48])
   NPU: MemoryCopy = tosa_concat_default (outputs [1, 56, 56, 48])
   NPU: Conv2D = tosa_table_default_5 (outputs [1, 56, 56, 32])
   NPU: LUT = tosa_table_default_5 (outputs [1, 56, 56, 32])
   NPU: Conv2D = tosa_table_default_6 (outputs [1, 28, 28, 64])
   NPU: LUT = tosa_table_default_6 (outputs [1, 28, 28, 64])
   NPU: Conv2D = tosa_table_default_7 (outputs [1, 28, 28, 64])
   NPU: LUT = tosa_table_default_7 (outputs [1, 28, 28, 64])
   NPU: Conv2D = tosa_table_default_8 (outputs [1, 28, 28, 32])
   NPU: LUT = tosa_table_default_8 (outputs [1, 28, 28, 32])
   NPU: Conv2D = tosa_table_default_9 (outputs [1, 28, 28, 32])
   NPU: LUT = tosa_table_default_9 (outputs [1, 28, 28, 32])
   NPU: Add = tosa_rescale_default_21 (outputs [1, 28, 28, 32])
   NPU: Conv2D = tosa_table_default_10 (outputs [1, 28, 28, 32])
   NPU: LUT = tosa_table_default_10 (outputs [1, 28, 28, 32])
   NPU: Conv2D = tosa_table_default_11 (outputs [1, 28, 28, 32])
   NPU: LUT = tosa_table_default_11 (outputs [1, 28, 28, 32])
   NPU: Add = tosa_concat_default_1 (outputs [1, 28, 28, 32])
   NPU: MemoryCopy = tosa_concat_default_1 (outputs [1, 28, 28, 128])
   NPU: MemoryCopy = tosa_concat_default_1 (outputs [1, 28, 28, 128])
   NPU: MemoryCopy = tosa_concat_default_1 (outputs [1, 28, 28, 128])
   NPU: Conv2D = tosa_table_default_12 (outputs [1, 28, 28, 64])
   NPU: LUT = tosa_table_default_12 (outputs [1, 28, 28, 64])
   NPU: Conv2D = tosa_table_default_13 (outputs [1, 14, 14, 128])
   NPU: LUT = tosa_table_default_13 (outputs [1, 14, 14, 128])
   NPU: Conv2D = tosa_table_default_14 (outputs [1, 14, 14, 128])
   NPU: LUT = tosa_table_default_14 (outputs [1, 14, 14, 128])
   NPU: Conv2D = tosa_table_default_15 (outputs [1, 14, 14, 64])
   NPU: LUT = tosa_table_default_15 (outputs [1, 14, 14, 64])
   NPU: Conv2D = tosa_table_default_16 (outputs [1, 14, 14, 64])
   NPU: LUT = tosa_table_default_16 (outputs [1, 14, 14, 64])
   NPU: Add = tosa_rescale_default_34 (outputs [1, 14, 14, 64])
   NPU: Conv2D = tosa_table_default_17 (outputs [1, 14, 14, 64])
   NPU: LUT = tosa_table_default_17 (outputs [1, 14, 14, 64])
   NPU: Conv2D = tosa_table_default_18 (outputs [1, 14, 14, 64])
   NPU: LUT = tosa_table_default_18 (outputs [1, 14, 14, 64])
   NPU: Add = tosa_concat_default_2 (outputs [1, 14, 14, 64])
   NPU: MemoryCopy = tosa_concat_default_2 (outputs [1, 14, 14, 256])
   NPU: MemoryCopy = tosa_concat_default_2 (outputs [1, 14, 14, 256])
   NPU: MemoryCopy = tosa_concat_default_2 (outputs [1, 14, 14, 256])
   NPU: Conv2D = tosa_table_default_19 (outputs [1, 14, 14, 128])
   NPU: LUT = tosa_table_default_19 (outputs [1, 14, 14, 128])
   NPU: Conv2D = tosa_table_default_20 (outputs [1, 7, 7, 256])
   NPU: LUT = tosa_table_default_20 (outputs [1, 7, 7, 256])
   NPU: Conv2D = tosa_table_default_21 (outputs [1, 7, 7, 256])
   NPU: LUT = tosa_table_default_21 (outputs [1, 7, 7, 256])
   NPU: Conv2D = tosa_table_default_22 (outputs [1, 7, 7, 128])
   NPU: LUT = tosa_table_default_22 (outputs [1, 7, 7, 128])
   NPU: Conv2D = tosa_table_default_23 (outputs [1, 7, 7, 128])
   NPU: LUT = tosa_table_default_23 (outputs [1, 7, 7, 128])
   NPU: Add = tosa_concat_default_3 (outputs [1, 7, 7, 128])
   NPU: MemoryCopy = tosa_concat_default_3 (outputs [1, 7, 7, 384])
   NPU: MemoryCopy = tosa_concat_default_3 (outputs [1, 7, 7, 384])
   NPU: Conv2D = tosa_table_default_24 (outputs [1, 7, 7, 256])
   NPU: LUT = tosa_table_default_24 (outputs [1, 7, 7, 256])
   NPU: Conv2D = tosa_rescale_default_49 (outputs [1, 7, 7, 128])
   NPU: MaxPool = tosa_max_pool2d_default (outputs [1, 7, 7, 128])
   NPU: MaxPool = tosa_max_pool2d_default_1 (outputs [1, 7, 7, 128])
   NPU: MaxPool = tosa_concat_default_4 (outputs [1, 7, 7, 128])
   NPU: MemoryCopy = tosa_concat_default_4 (outputs [1, 7, 7, 512])
   NPU: MemoryCopy = tosa_concat_default_4 (outputs [1, 7, 7, 512])
   NPU: MemoryCopy = tosa_concat_default_4 (outputs [1, 7, 7, 512])
   NPU: Conv2D = tosa_table_default_25 (outputs [1, 7, 7, 256])
   NPU: LUT = tosa_table_default_25 (outputs [1, 7, 7, 256])
   NPU: Resize = tosa_concat_default_5 (outputs [1, 14, 14, 256])
   NPU: MemoryCopy = tosa_concat_default_5 (outputs [1, 14, 14, 384])
   NPU: Conv2D = tosa_table_default_26 (outputs [1, 14, 14, 128])
   NPU: LUT = tosa_table_default_26 (outputs [1, 14, 14, 128])
   NPU: Conv2D = tosa_table_default_27 (outputs [1, 14, 14, 64])
   NPU: LUT = tosa_table_default_27 (outputs [1, 14, 14, 64])
   NPU: Conv2D = tosa_concat_default_6 (outputs [1, 14, 14, 64])
   NPU: LUT = tosa_concat_default_6 (outputs [1, 14, 14, 64])
   NPU: MemoryCopy = tosa_concat_default_6 (outputs [1, 14, 14, 192])
   NPU: MemoryCopy = tosa_concat_default_6 (outputs [1, 14, 14, 192])
   NPU: Conv2D = tosa_table_default_29 (outputs [1, 14, 14, 128])
   NPU: LUT = tosa_table_default_29 (outputs [1, 14, 14, 128])
   NPU: Resize = tosa_concat_default_7 (outputs [1, 28, 28, 128])
   NPU: MemoryCopy = tosa_concat_default_7 (outputs [1, 28, 28, 192])
   NPU: Conv2D = tosa_table_default_30 (outputs [1, 28, 28, 64])
   NPU: LUT = tosa_table_default_30 (outputs [1, 28, 28, 64])
   NPU: Conv2D = tosa_table_default_31 (outputs [1, 28, 28, 32])
   NPU: LUT = tosa_table_default_31 (outputs [1, 28, 28, 32])
   NPU: Conv2D = tosa_concat_default_8 (outputs [1, 28, 28, 32])
   NPU: LUT = tosa_concat_default_8 (outputs [1, 28, 28, 32])
   NPU: MemoryCopy = tosa_concat_default_8 (outputs [1, 28, 28, 96])
   NPU: MemoryCopy = tosa_concat_default_8 (outputs [1, 28, 28, 96])
   NPU: Conv2D = tosa_table_default_33 (outputs [1, 28, 28, 64])
   NPU: LUT = tosa_table_default_33 (outputs [1, 28, 28, 64])
   NPU: Conv2D = tosa_concat_default_9 (outputs [1, 14, 14, 64])
   NPU: LUT = tosa_concat_default_9 (outputs [1, 14, 14, 64])
   NPU: MemoryCopy = tosa_concat_default_9 (outputs [1, 14, 14, 192])
   NPU: Conv2D = tosa_table_default_35 (outputs [1, 14, 14, 128])
   NPU: LUT = tosa_table_default_35 (outputs [1, 14, 14, 128])
   NPU: Conv2D = tosa_table_default_36 (outputs [1, 14, 14, 64])
   NPU: LUT = tosa_table_default_36 (outputs [1, 14, 14, 64])
   NPU: Conv2D = tosa_concat_default_10 (outputs [1, 14, 14, 64])
   NPU: LUT = tosa_concat_default_10 (outputs [1, 14, 14, 64])
   NPU: MemoryCopy = tosa_concat_default_10 (outputs [1, 14, 14, 192])
   NPU: MemoryCopy = tosa_concat_default_10 (outputs [1, 14, 14, 192])
   NPU: Conv2D = tosa_table_default_38 (outputs [1, 14, 14, 128])
   NPU: LUT = tosa_table_default_38 (outputs [1, 14, 14, 128])
   NPU: Conv2D = tosa_concat_default_11 (outputs [1, 7, 7, 128])
   NPU: LUT = tosa_concat_default_11 (outputs [1, 7, 7, 128])
   NPU: MemoryCopy = tosa_concat_default_11 (outputs [1, 7, 7, 384])
   NPU: Conv2D = tosa_table_default_40 (outputs [1, 7, 7, 256])
   NPU: LUT = tosa_table_default_40 (outputs [1, 7, 7, 256])
   NPU: Conv2D = tosa_table_default_41 (outputs [1, 7, 7, 128])
   NPU: LUT = tosa_table_default_41 (outputs [1, 7, 7, 128])
   NPU: Conv2D = tosa_concat_default_12 (outputs [1, 7, 7, 128])
   NPU: LUT = tosa_concat_default_12 (outputs [1, 7, 7, 128])
   NPU: MemoryCopy = tosa_concat_default_12 (outputs [1, 7, 7, 384])
   NPU: MemoryCopy = tosa_concat_default_12 (outputs [1, 7, 7, 384])
   NPU: Conv2D = tosa_table_default_43 (outputs [1, 7, 7, 256])
   NPU: LUT = tosa_table_default_43 (outputs [1, 7, 7, 256])
   NPU: Conv2D = tosa_table_default_60 (outputs [1, 7, 7, 63])
   NPU: LUT = tosa_table_default_60 (outputs [1, 7, 7, 63])
   NPU: Conv2D = tosa_table_default_61 (outputs [1, 7, 7, 63])
   NPU: LUT = tosa_table_default_61 (outputs [1, 7, 7, 63])
   NPU: Conv2D = tosa_transpose_default_5 (outputs [1, 7, 7, 63])
   NPU: Transpose = tosa_transpose_default_5 (outputs [1, 7, 63, 7])
   NPU: MemoryCopy = tosa_concat_default_15 (outputs [1, 63, 1, 1029])
   NPU: Conv2D = tosa_table_default_58 (outputs [1, 14, 14, 63])
   NPU: LUT = tosa_table_default_58 (outputs [1, 14, 14, 63])
   NPU: Conv2D = tosa_table_default_59 (outputs [1, 14, 14, 63])
   NPU: LUT = tosa_table_default_59 (outputs [1, 14, 14, 63])
   NPU: Conv2D = tosa_transpose_default_4 (outputs [1, 14, 14, 63])
   NPU: Transpose = tosa_transpose_default_4 (outputs [1, 14, 63, 14])
   NPU: MemoryCopy = tosa_concat_default_15 (outputs [1, 63, 1, 1029])
   NPU: Conv2D = tosa_table_default_56 (outputs [1, 28, 28, 63])
   NPU: LUT = tosa_table_default_56 (outputs [1, 28, 28, 63])
   NPU: Conv2D = tosa_table_default_57 (outputs [1, 28, 28, 63])
   NPU: LUT = tosa_table_default_57 (outputs [1, 28, 28, 63])
   NPU: Conv2D = tosa_transpose_default_3 (outputs [1, 28, 28, 63])
   NPU: Transpose = tosa_transpose_default_3 (outputs [1, 28, 63, 28])
   NPU: MemoryCopy = tosa_concat_default_15 (outputs [1, 63, 1, 1029])
   NPU: LUT = tosa_reshape_default_16 (outputs [1, 1, 21, 1029])
   NPU: Mul = tosa_rescale_default_118 (outputs [1, 2, 21, 1029])
   NPU: Add = tosa_rescale_default_120 (outputs [1, 2, 21, 1029])
   NPU: Mul = tosa_reshape_default_15 (outputs [1, 2, 21, 1029])
   NPU: Conv2D = tosa_table_default_54 (outputs [1, 7, 7, 64])
   NPU: LUT = tosa_table_default_54 (outputs [1, 7, 7, 64])
   NPU: Conv2D = tosa_table_default_55 (outputs [1, 7, 7, 64])
   NPU: LUT = tosa_table_default_55 (outputs [1, 7, 7, 64])
   NPU: Conv2D = tosa_rescale_default_86 (outputs [1, 7, 7, 1])
   NPU: MemoryCopy = tosa_concat_default_14 (outputs [1, 1, 1, 1029])
   NPU: Conv2D = tosa_table_default_52 (outputs [1, 14, 14, 64])
   NPU: LUT = tosa_table_default_52 (outputs [1, 14, 14, 64])
   NPU: Conv2D = tosa_table_default_53 (outputs [1, 14, 14, 64])
   NPU: LUT = tosa_table_default_53 (outputs [1, 14, 14, 64])
   NPU: Conv2D = tosa_rescale_default_83 (outputs [1, 14, 14, 1])
   NPU: MemoryCopy = tosa_concat_default_14 (outputs [1, 1, 1, 1029])
   NPU: Conv2D = tosa_table_default_50 (outputs [1, 28, 28, 64])
   NPU: LUT = tosa_table_default_50 (outputs [1, 28, 28, 64])
   NPU: Conv2D = tosa_table_default_51 (outputs [1, 28, 28, 64])
   NPU: LUT = tosa_table_default_51 (outputs [1, 28, 28, 64])
   NPU: Conv2D = tosa_rescale_default_80 (outputs [1, 28, 28, 1])
   NPU: MemoryCopy = tosa_concat_default_14 (outputs [1, 1, 1, 1029])
   NPU: LUT = tosa_table_default_64 (outputs [1, 1, 1, 1029])
   NPU: Conv2D = tosa_table_default_48 (outputs [1, 7, 7, 64])
   NPU: LUT = tosa_table_default_48 (outputs [1, 7, 7, 64])
   NPU: Conv2D = tosa_table_default_49 (outputs [1, 7, 7, 64])
   NPU: LUT = tosa_table_default_49 (outputs [1, 7, 7, 64])
   NPU: Conv2D = tosa_transpose_default_2 (outputs [1, 7, 7, 64])
   NPU: Transpose = tosa_transpose_default_2 (outputs [1, 7, 64, 7])
   NPU: MemoryCopy = tosa_concat_default_13 (outputs [1, 64, 1, 1029])
   NPU: Conv2D = tosa_table_default_46 (outputs [1, 14, 14, 64])
   NPU: LUT = tosa_table_default_46 (outputs [1, 14, 14, 64])
   NPU: Conv2D = tosa_table_default_47 (outputs [1, 14, 14, 64])
   NPU: LUT = tosa_table_default_47 (outputs [1, 14, 14, 64])
   NPU: Conv2D = tosa_transpose_default_1 (outputs [1, 14, 14, 64])
   NPU: Transpose = tosa_transpose_default_1 (outputs [1, 14, 64, 14])
   NPU: MemoryCopy = tosa_concat_default_13 (outputs [1, 64, 1, 1029])
   NPU: Conv2D = tosa_table_default_44 (outputs [1, 28, 28, 64])
   NPU: LUT = tosa_table_default_44 (outputs [1, 28, 28, 64])
   NPU: Conv2D = tosa_table_default_45 (outputs [1, 28, 28, 64])
   NPU: LUT = tosa_table_default_45 (outputs [1, 28, 28, 64])
   NPU: Conv2D = tosa_transpose_default (outputs [1, 28, 28, 64])
   NPU: Transpose = tosa_transpose_default (outputs [1, 28, 64, 28])
   NPU: MemoryCopy = tosa_concat_default_13 (outputs [1, 64, 1, 1029])
   NPU: Transpose = tosa_transpose_default_6 (outputs [1, 4, 16, 1029])
   NPU: ReduceMax = aten_amax_default (outputs [1, 4, 1, 1029])
   NPU: Sub = tosa_table_default_62 (outputs [1, 4, 16, 1029])
   NPU: LUT = tosa_table_default_62 (outputs [1, 4, 16, 1029])
   NPU: Rescale = tosa_rescale_default_99 (outputs [1, 4, 16, 1029])
   NPU: Transpose = tosa_rescale_default_99_transpose (outputs [1, 4, 1, 1029])
   NPU: ReduceSum = tosa_table_default_63 (outputs [1, 4, 1, 1029])
   NPU: LUT = tosa_table_default_63 (outputs [1, 4, 1, 1029])
   NPU: Rescale = tosa_rescale_default_101 (outputs [1, 4, 1, 1029])
   NPU: Mul = tosa_mul_default (outputs [1, 4, 16, 1029])
   NPU: Rescale = tosa_transpose_default_7 (outputs [1, 4, 16, 1029])
   NPU: Transpose = tosa_transpose_default_7 (outputs [1, 1029, 4, 16])
   NPU: Conv2D = tosa_rescale_default_103 (outputs [1, 1029, 4, 1])
   NPU: Add = tosa_rescale_default_108 (outputs [1, 2, 1, 1029])
   NPU: Rescale = tosa_rescale_default_109 (outputs [1, 2, 1, 1029])
   NPU: Sub = tosa_rescale_default_106 (outputs [1, 2, 1, 1029])
   NPU: Rescale = tosa_rescale_default_107 (outputs [1, 2, 1, 1029])
   NPU: Add = tosa_rescale_default_110 (outputs [1, 2, 1, 1029])
   NPU: Mul = tosa_concat_default_16 (outputs [1, 2, 1, 1029])
   NPU: Sub = tosa_concat_default_16 (outputs [1, 2, 1, 1029])
   NPU: Mul = tosa_rescale_default_116 (outputs [1, 4, 1, 1029])

Average SRAM bandwidth                           9.85 GB/s
Input   SRAM bandwidth                          44.50 MB/batch
Weight  SRAM bandwidth                           6.46 MB/batch
Output  SRAM bandwidth                           4.81 MB/batch
Total   SRAM bandwidth                          56.07 MB/batch
Total   SRAM bandwidth            per input     56.07 MB/inference (batch size 1)

Average DRAM bandwidth                           0.63 GB/s
Input   DRAM bandwidth                           0.01 MB/batch
Weight  DRAM bandwidth                           3.54 MB/batch
Output  DRAM bandwidth                           0.00 MB/batch
Total   DRAM bandwidth                           3.59 MB/batch
Total   DRAM bandwidth            per input      3.59 MB/inference (batch size 1)

Original Weights Size                         3294.53 KiB
NPU Encoded Weights Size                      3171.17 KiB

Neural network macs                         587194440 MACs/batch

Info: The numbers below are internal compiler estimates.
For performance numbers the compiled network should be run on an FVP Model or FPGA.

Network Tops/s                                   0.21 Tops/s

NPU cycles                                    4102970 cycles/batch
SRAM Access cycles                            2456275 cycles/batch
DRAM Access cycles                            1570464 cycles/batch
On-chip Flash Access cycles                         0 cycles/batch
Off-chip Flash Access cycles                        0 cycles/batch
Total cycles                                  5693922 cycles/batch

Batch Inference time                 5.69 ms,  175.63 inferences/s (batch size 1)

